2026-05-07T18:49:52.753Z - TypeError: next is not a function
    at model.<anonymous> (D:\Ai-project\backenddd\models\User.js:20:9)
    at Kareem.execPre (D:\Ai-project\backenddd\node_modules\kareem\index.js:68:39)
    at process.processTicksAndRejections (node:internal/process/task_queues:105:5)
SDK Error: inference is not a function
SDK Error: inference is not a function
SDK Error: inference is not a function
SDK Error: inference is not a function
SDK Error: inference is not a function
SDK Error: inference is not a function
SDK Error: inference is not a function
SDK Error: inference is not a function
SDK Error: inference is not a function
SDK Error: inference is not a function
SDK Error: inference is not a function
SDK Error: inference is not a function
API Error: Request failed with status code 401
API Error: Request failed with status code 401
API Error: Request failed with status code 401
API Error: Request failed with status code 401
API Error: Request failed with status code 401
API Error: Request failed with status code 401
API Error: Status 403: {"message":"Forbidden"}
API Error: Status 403: {"message":"Forbidden"}
API Error: Status 403: {"message":"Forbidden"}
API Error: Status 403: {"message":"Forbidden"}
API Error: Status 403: {"message":"Forbidden"}
API Error: Status 403: {"message":"Forbidden"}
API Error: Status 403: {"message":"Forbidden"}
API Error: Status 403: {"message":"Forbidden"}
API Error: Status 403: {"message":"Forbidden"}
API Error: Status 403: {"message":"Forbidden"}
API Error: Status 403: {"message":"Forbidden"}
API Error: Status 403: {"message":"Forbidden"}
API Error: Status 403: {"message":"Forbidden"}
API Error: Status 403: {"message":"Forbidden"}
API Error: Status 403: {"message":"Forbidden"}
API Error: Status 403: {"message":"Forbidden"}
API Error: Status 403: {"message":"Forbidden"}
API Error: Status 403: {"message":"Forbidden"}
API Error: Status 403: {"message":"Forbidden"}
API Error: Status 403: {"message":"Forbidden"}
API Error: Status 403: {"message":"Forbidden"}
API Error: Status 403: {"message":"Forbidden"}
API Error: Status 403: {"message":"Forbidden"}
API Error: Status 403: {"message":"Forbidden"}
API Error: Status 403: {"message":"Forbidden"}
API Error: Status 403: {"message":"Forbidden"}
API Error: Status 403: {"message":"Forbidden"}
API Error: Status 403: {"message":"Forbidden"}
API Error: Status 403: {"message":"Forbidden"}
API Error: Status 403: {"message":"Forbidden"}
API Error: Status 403: {"message":"Forbidden"}
API Error: Status 403: {"message":"Forbidden"}
API Error: Status 403: {"message":"Forbidden"}
API Error: Status 403: {"message":"Forbidden"}
API Error: Status 403: {"message":"Forbidden"}
API Error: Status 403: {"message":"Forbidden"}
API Error: Status 403: {"message":"Forbidden"}
API Error: Status 403: {"message":"Forbidden"}
API Error: Status 403: {"message":"Forbidden"}
API Error: Status 403: {"message":"Forbidden"}
API Error: Status 403: {"message":"Forbidden"}
API Error: Status 403: {"message":"Forbidden"}
API Error: Status 403: {"message":"Forbidden"}
API Error: Status 403: {"message":"Forbidden"}
API Error: Status 403: {"message":"Forbidden"}
API Error: Status 403: {"message":"Forbidden"}
API Error: Status 403: {"message":"Forbidden"}
API Error: Status 403: {"message":"Forbidden"}
API Error: Status 403: {"message":"Forbidden"}
API Error: Status 403: {"message":"Forbidden"}
API Error: Status 403: {"message":"Forbidden"}
API Error: Status 403: {"message":"Forbidden"}
API Error: Status 403: {"message":"Forbidden"}
API Error: Status 403: {"message":"Forbidden"}
API Error: Status 403: {"message":"Forbidden"}
API Error: Status 403: {"message":"Forbidden"}
API Error: Status 403: {"message":"Forbidden"}
API Error: Status 403: {"message":"Forbidden"}
API Error: Status 403: {"message":"Forbidden"}
API Error: Status 403: {"message":"Forbidden"}
API Error: Status 403: {"message":"Forbidden"}
API Error: Status 403: {"message":"Forbidden"}
API Error: Status 403: {"message":"Forbidden"}
API Error: Status 403: {"message":"Forbidden"}
API Error: Status 403: {"message":"Forbidden"}
API Error: Status 403: {"message":"Forbidden"}
API Error: Status 403: {"message":"Forbidden"}
API Error: Status 403: {"message":"Forbidden"}
API Error: Status 403: {"message":"Forbidden"}
API Error: Status 403: {"message":"Forbidden"}
API Error: Status 403: {"message":"Forbidden"}
API Error: Status 403: {"message":"Forbidden"}
API Error: Status 403: {"message":"Forbidden"}
API Error: Status 403: {"message":"Forbidden"}
API Error: Status 403: {"message":"Forbidden"}
API Error: Status 403: {"message":"Forbidden"}
API Error: Status 403: {"message":"Forbidden"}
API Error: Status 403: {"message":"Forbidden"}
API Error: Status 403: {"message":"Forbidden"}
API Error: Status 403: {"message":"Forbidden"}
API Error: Status 403: {"message":"Forbidden"}
API Error: Status 403: {"message":"Forbidden"}
API Error: Status 403: {"message":"Forbidden"}
API Error: Status 403: {"message":"Forbidden"}
API Error: Status 403: {"message":"Forbidden"}
API Error: Status 403: {"message":"Forbidden"}
API Error: Status 403: {"message":"Forbidden"}
API Error: Status 403: {"message":"Forbidden"}
API Error: Status 408: {"message":"Request Timeout"}
API Error: Status 403: {"message":"Forbidden"}
API Error: Status 403: {"message":"Forbidden"}
API Error: read ECONNRESET
API Error: read ECONNRESET
API Error: getaddrinfo ENOTFOUND detect.roboflow.com
API Error: Status 403: {"message":"Forbidden"}
API Error: Status 403: {"message":"Forbidden"}
API Error: Status 403: {"message":"Forbidden"}
API Error: Status 403: {"message":"Forbidden"}
API Error: Status 403: {"message":"Forbidden"}
API Error: Status 403: {"message":"Forbidden"}
API Error: Status 403: {"message":"Forbidden"}
API Error: Status 403: {"message":"Forbidden"}
API Error: Status 403: {"message":"Forbidden"}
API Error: Status 403: {"message":"Forbidden"}
API Error: Status 403: {"message":"Forbidden"}
API Error: Status 403: {"message":"Forbidden"}
API Error: read ECONNRESET
API Error: getaddrinfo ENOTFOUND detect.roboflow.com
API Error: getaddrinfo ENOTFOUND detect.roboflow.com
API Error: self-signed certificate in certificate chain
API Error: self-signed certificate in certificate chain
API Error: self-signed certificate in certificate chain
API Error: self-signed certificate in certificate chain
API Error: self-signed certificate in certificate chain
API Error: self-signed certificate in certificate chain
API Error: Status 403: {"message":"Forbidden"}
API Error: Status 403: {"message":"Forbidden"}
API Error: Status 403: {"message":"Forbidden"}
API Error: Status 403: {"message":"Forbidden"}
API Error: Status 403: {"message":"Forbidden"}
API Error: Status 403: {"message":"Forbidden"}
API Error: Status 403: {"message":"Forbidden"}
API Error: Status 403: {"message":"Forbidden"}
API Error: Status 403: {"message":"Forbidden"}
API Error: Status 403: {"message":"Forbidden"}
API Error: Status 403: {"message":"Forbidden"}
API Error: Status 403: {"message":"Forbidden"}
API Error: Status 403: {"message":"Forbidden"}
API Error: Status 403: {"message":"Forbidden"}
API Error: Status 403: {"message":"Forbidden"}
API Error: Status 403: {"message":"Forbidden"}
API Error: Status 403: {"message":"Forbidden"}
API Error: Status 403: {"message":"Forbidden"}
API Error: Status 403: {"message":"Forbidden"}
API Error: Status 403: {"message":"Forbidden"}
API Error: Status 403: {"message":"Forbidden"}
API Error: Status 403: {"message":"Forbidden"}
API Error: Status 403: {"message":"Forbidden"}
API Error: Status 403: {"message":"Forbidden"}
API Error: Status 403: {"message":"Forbidden"}
API Error: Status 403: {"message":"Forbidden"}
API Error: Status 403: {"message":"Forbidden"}
API Error: Status 403: {"message":"Forbidden"}
API Error: Status 403: {"message":"Forbidden"}
API Error: Status 403: {"message":"Forbidden"}
API Error: Status 403: {"message":"Forbidden"}
API Error: Status 403: {"message":"Forbidden"}
API Error: Status 403: {"message":"Forbidden"}
API Error: Status 403: {"message":"Forbidden"}
API Error: Status 403: {"message":"Forbidden"}
API Error: Status 403: {"message":"Forbidden"}
API Error: Status 403: {"message":"Forbidden"}
API Error: Status 403: {"message":"Forbidden"}
API Error: Status 403: {"message":"Forbidden"}
API Error: Status 403: {"message":"Forbidden"}
API Error: Status 403: {"message":"Forbidden"}
API Error: Status 403: {"message":"Forbidden"}
API Error: Status 403: {"message":"Forbidden"}
API Error: Status 403: {"message":"Forbidden"}
API Error: Status 403: {"message":"Forbidden"}
API Error: Status 403: {"message":"Forbidden"}
API Error: Status 403: {"message":"Forbidden"}
API Error: Status 403: {"message":"Forbidden"}
API Error: Status 403: {"message":"Forbidden"}
API Error: Status 403: {"message":"Forbidden"}
API Error: Status 403: {"message":"Forbidden"}
API Error: Status 403: {"message":"Forbidden"}
API Error: Status 403: {"message":"Forbidden"}
API Error: Status 403: {"message":"Forbidden"}
API Error: Status 403: {"message":"Forbidden"}
API Error: Status 403: {"message":"Forbidden"}
API Error: Status 403: {"message":"Forbidden"}
API Error: Status 403: {"message":"Forbidden"}
API Error: Status 403: {"message":"Forbidden"}
API Error: Status 403: {"message":"Forbidden"}
API Error: Status 403: {"message":"Forbidden"}
API Error: Status 403: {"message":"Forbidden"}
API Error: Status 403: {"message":"Forbidden"}
API Error: Status 403: {"message":"Forbidden"}
API Error: Status 403: {"message":"Forbidden"}
API Error: Status 403: {"message":"Forbidden"}
API Error: Status 403: {"message":"Forbidden"}
API Error: Status 403: {"message":"Forbidden"}
API Error: Status 403: {"message":"Forbidden"}
API Error: Status 403: {"message":"Forbidden"}
API Error: Status 403: {"message":"Forbidden"}
API Error: Status 403: {"message":"Forbidden"}
API Error: Status 403: {"message":"Forbidden"}
API Error: Status 403: {"message":"Forbidden"}
API Error: Status 403: {"message":"Forbidden"}
API Error: Status 403: {"message":"Forbidden"}
API Error: Status 403: {"message":"Forbidden"}
API Error: Status 403: {"message":"Forbidden"}
API Error: Status 403: {"message":"Forbidden"}
API Error: Status 403: {"message":"Forbidden"}
API Error: Status 403: {"message":"Forbidden"}
API Error: Status 403: {"message":"Forbidden"}
API Error: Status 403: {"message":"Forbidden"}
API Error: Status 403: {"message":"Forbidden"}
API Error: Status 403: {"message":"Forbidden"}
API Error: Status 403: {"message":"Forbidden"}
API Error: Status 403: {"message":"Forbidden"}
API Error: Status 403: {"message":"Forbidden"}
API Error: Status 403: {"message":"Forbidden"}
API Error: Status 403: {"message":"Forbidden"}
API Error: Status 403: {"message":"Forbidden"}
API Error: Status 403: {"message":"Forbidden"}
API Error: Status 403: {"message":"Forbidden"}
API Error: Status 403: {"message":"Forbidden"}
API Error: Status 403: {"message":"Forbidden"}
API Error: Status 403: {"message":"Forbidden"}
API Error: Status 403: {"message":"Forbidden"}
API Error: Status 403: {"message":"Forbidden"}
API Error: Status 403: {"message":"Forbidden"}
API Error: Status 403: {"message":"Forbidden"}
API Error: Status 403: {"message":"Forbidden"}
API Error: Status 403: {"message":"Forbidden"}
API Error: Status 403: {"message":"Forbidden"}
API Error: Status 403: {"message":"Forbidden"}
API Error: Status 403: {"message":"Forbidden"}
API Error: Status 403: {"message":"Forbidden"}
API Error: Status 403: {"message":"Forbidden"}
API Error: Status 403: {"message":"Forbidden"}
API Error: Status 403: {"message":"Forbidden"}
API Error: Status 403: {"message":"Forbidden"}
API Error: Status 403: {"message":"Forbidden"}
API Error: Status 403: {"message":"Forbidden"}
API Error: Status 403: {"message":"Forbidden"}
API Error: Status 403: {"message":"Forbidden"}
API Error: Status 403: {"message":"Forbidden"}
API Error: Status 403: {"message":"Forbidden"}
API Error: Status 403: {"message":"Forbidden"}
API Error: Status 403: {"message":"Forbidden"}
API Error: Status 403: {"message":"Forbidden"}
API Error: Status 403: {"message":"Forbidden"}
API Error: Status 403: {"message":"Forbidden"}
API Error: Status 403: {"message":"Forbidden"}
API Error: Status 403: {"message":"Forbidden"}
API Error: Status 403: {"message":"Forbidden"}
API Error: Status 403: {"message":"Forbidden"}
API Error: Status 403: {"message":"Forbidden"}
API Error: Status 403: {"message":"Forbidden"}
API Error: Status 403: {"message":"Forbidden"}
API Error: Status 403: {"message":"Forbidden"}
API Error: Status 403: {"message":"Forbidden"}
API Error: Status 403: {"message":"Forbidden"}
API Error: Status 403: {"message":"Forbidden"}
API Error: Status 403: {"message":"Forbidden"}
API Error: Status 403: {"message":"Forbidden"}
API Error: Status 403: {"message":"Forbidden"}
API Error: Status 403: {"message":"Forbidden"}
API Error: Status 403: {"message":"Forbidden"}
API Error: Status 403: {"message":"Forbidden"}
API Error: Status 403: {"message":"Forbidden"}
API Error: Status 403: {"message":"Forbidden"}
API Error: Status 403: {"message":"Forbidden"}
API Error: Status 403: {"message":"Forbidden"}
API Error: Status 403: {"message":"Forbidden"}
API Error: Status 403: {"message":"Forbidden"}
API Error: Status 403: {"message":"Forbidden"}
API Error: Status 403: {"message":"Forbidden"}
API Error: Status 403: {"message":"Forbidden"}
API Error: Status 403: {"message":"Forbidden"}
API Error: Status 403: {"message":"Forbidden"}
API Error: Status 403: {"message":"Forbidden"}
API Error: Status 403: {"message":"Forbidden"}
API Error: Status 403: {"message":"Forbidden"}
API Error: Status 403: {"message":"Forbidden"}
API Error: Status 403: {"message":"Forbidden"}
API Error: Status 403: {"message":"Forbidden"}
API Error: Status 403: {"message":"Forbidden"}
API Error: Status 403: {"message":"Forbidden"}
API Error: Status 403: {"message":"Forbidden"}
API Error: Status 403: {"message":"Forbidden"}
API Error: Status 403: {"message":"Forbidden"}
API Error: Status 403: {"message":"Forbidden"}
API Error: Status 403: {"message":"Forbidden"}
API Error: Status 403: {"message":"Forbidden"}
API Error: Status 403: {"message":"Forbidden"}
API Error: Status 403: {"message":"Forbidden"}
API Error: Status 403: {"message":"Forbidden"}
API Error: Status 403: {"message":"Forbidden"}
API Error: Status 403: {"message":"Forbidden"}
API Error: Status 403: {"message":"Forbidden"}
API Error: Status 403: {"message":"Forbidden"}
API Error: Status 403: {"message":"Forbidden"}
API Error: Status 403: {"message":"Forbidden"}
API Error: Status 403: {"message":"Forbidden"}
API Error: Status 403: {"message":"Forbidden"}
API Error: Status 403: {"message":"Forbidden"}
API Error: Status 403: {"message":"Forbidden"}
API Error: Status 403: {"message":"Forbidden"}
API Error: Status 403: {"message":"Forbidden"}
API Error: Status 403: {"message":"Forbidden"}
API Error: Status 403: {"message":"Forbidden"}
API Error: Status 403: {"message":"Forbidden"}
API Error: Status 403: {"message":"Forbidden"}
2026-05-19T09:45:56.236Z - Error: EBUSY: resource busy or locked, unlink 'D:\Ai-project\backenddd\uploads\video-1779183955833-949443011.mp4'
2026-05-19T10:17:00.482Z - [REQUEST] GET /api/user/profile - Auth: Present
2026-05-19T10:17:00.649Z - [RESPONSE] GET /user/profile - Status: 200
Response Body: {"_id":"6a0c37ec6b86060b105de9da","name":"Test User","email":"test@example.com","scansLeft":10,"subscription":"basic","currentPlan":"basic"}
2026-05-19T10:17:00.659Z - [REQUEST] GET /api/user/profile - Auth: Present
2026-05-19T10:17:00.677Z - [RESPONSE] GET /user/profile - Status: 200
Response Body: {"_id":"6a0c37ec6b86060b105de9da","name":"Test User","email":"test@example.com","scansLeft":10,"subscription":"basic","currentPlan":"basic"}
2026-05-19T10:17:04.366Z - [REQUEST] GET /api/user/profile - Auth: Present
2026-05-19T10:17:04.391Z - [RESPONSE] GET /user/profile - Status: 200
Response Body: {"_id":"69dde717d175c720e8c726e9","name":"ram","email":"ram@gmail.com","scansLeft":0,"subscription":"basic","currentPlan":"basic"}
2026-05-19T10:17:04.399Z - [REQUEST] GET /api/user/profile - Auth: Present
2026-05-19T10:17:04.414Z - [RESPONSE] GET /user/profile - Status: 200
Response Body: {"_id":"69dde717d175c720e8c726e9","name":"ram","email":"ram@gmail.com","scansLeft":0,"subscription":"basic","currentPlan":"basic"}
2026-05-19T10:17:17.255Z - [REQUEST] POST /api/video/scan - Auth: Present
API Error: Status 403: {"message":"Forbidden"}
API Error: Status 403: {"message":"Forbidden"}
API Error: Status 403: {"message":"Forbidden"}
API Error: Status 403: {"message":"Forbidden"}
API Error: Status 403: {"message":"Forbidden"}
API Error: Status 403: {"message":"Forbidden"}
API Error: Status 403: {"message":"Forbidden"}
API Error: Status 403: {"message":"Forbidden"}
API Error: Status 403: {"message":"Forbidden"}
API Error: Status 403: {"message":"Forbidden"}
2026-05-19T10:17:42.162Z - [RESPONSE] POST /scan - Status: 200
Response Body: {"success":true,"scan":{"userId":"6a0c37ec6b86060b105de9da","incidents":[{"timestamp":"00:04","description":"Accident case detected","severity":"HIGH","confidence":92,"_id":"6a0c38c6def061780502bae3"},{"timestamp":"00:05","description":"Accident case detected","severity":"HIGH","confidence":86,"_id":"6a0c38c6def061780502bae4"},{"timestamp":"00:06","description":"Accident case detected","severity":"HIGH","confidence":91,"_id":"6a0c38c6def061780502bae5"},{"timestamp":"00:07","description":"Accident case detected","severity":"HIGH","confidence":91,"_id":"6a0c38c6def061780502bae6"},{"timestamp":"00:08","description":"Accident case detected","severity":"HIGH","confidence":92,"_id":"6a0c38c6def061780502bae7"},{"timestamp":"00:09","description":"Accident case detected","severity":"HIGH","confidence":92,"_id":"6a0c38c6def061780502bae8"},{"timestamp":"00:10","description":"Accident case detected","severity":"HIGH","confidence":89,"_id":"6a0c38c6def061780502bae9"}],"dateTime":"2026-05-19T10:17:4
2026-05-19T10:17:43.025Z - [REQUEST] GET /api/scans/me - Auth: Present
2026-05-19T10:17:43.072Z - [RESPONSE] GET /scans/me - Status: 200
Response Body: [{"_id":"6a0c38c5def061780502bae2","userId":"6a0c37ec6b86060b105de9da","incidents":[{"timestamp":"00:04","description":"Accident case detected","severity":"HIGH","confidence":92,"_id":"6a0c38c6def061780502bae3"},{"timestamp":"00:05","description":"Accident case detected","severity":"HIGH","confidence":86,"_id":"6a0c38c6def061780502bae4"},{"timestamp":"00:06","description":"Accident case detected","severity":"HIGH","confidence":91,"_id":"6a0c38c6def061780502bae5"},{"timestamp":"00:07","description":"Accident case detected","severity":"HIGH","confidence":91,"_id":"6a0c38c6def061780502bae6"},{"timestamp":"00:08","description":"Accident case detected","severity":"HIGH","confidence":92,"_id":"6a0c38c6def061780502bae7"},{"timestamp":"00:09","description":"Accident case detected","severity":"HIGH","confidence":92,"_id":"6a0c38c6def061780502bae8"},{"timestamp":"00:10","description":"Accident case detected","severity":"HIGH","confidence":89,"_id":"6a0c38c6def061780502bae9"}],"dateTime":"2026-05
2026-05-19T10:17:43.079Z - [REQUEST] GET /api/scans/me - Auth: Present
2026-05-19T10:17:43.089Z - [RESPONSE] GET /scans/me - Status: 200
Response Body: [{"_id":"6a0c38c5def061780502bae2","userId":"6a0c37ec6b86060b105de9da","incidents":[{"timestamp":"00:04","description":"Accident case detected","severity":"HIGH","confidence":92,"_id":"6a0c38c6def061780502bae3"},{"timestamp":"00:05","description":"Accident case detected","severity":"HIGH","confidence":86,"_id":"6a0c38c6def061780502bae4"},{"timestamp":"00:06","description":"Accident case detected","severity":"HIGH","confidence":91,"_id":"6a0c38c6def061780502bae5"},{"timestamp":"00:07","description":"Accident case detected","severity":"HIGH","confidence":91,"_id":"6a0c38c6def061780502bae6"},{"timestamp":"00:08","description":"Accident case detected","severity":"HIGH","confidence":92,"_id":"6a0c38c6def061780502bae7"},{"timestamp":"00:09","description":"Accident case detected","severity":"HIGH","confidence":92,"_id":"6a0c38c6def061780502bae8"},{"timestamp":"00:10","description":"Accident case detected","severity":"HIGH","confidence":89,"_id":"6a0c38c6def061780502bae9"}],"dateTime":"2026-05
2026-05-19T10:17:43.154Z - [REQUEST] GET /uploads/incident-1779185861948.png - Auth: None
2026-05-19T10:18:11.424Z - [REQUEST] POST /api/video/scan - Auth: Present
API Error: Status 403: {"message":"Forbidden"}
API Error: Status 403: {"message":"Forbidden"}
API Error: Status 403: {"message":"Forbidden"}
API Error: Status 403: {"message":"Forbidden"}
API Error: Status 403: {"message":"Forbidden"}
API Error: Status 403: {"message":"Forbidden"}
API Error: Status 403: {"message":"Forbidden"}
API Error: Status 403: {"message":"Forbidden"}
API Error: Status 403: {"message":"Forbidden"}
API Error: Status 403: {"message":"Forbidden"}
2026-05-19T10:18:20.086Z - [RESPONSE] POST /scan - Status: 200
Response Body: {"success":true,"scan":{"userId":"6a0c37ec6b86060b105de9da","incidents":[{"timestamp":"00:04","description":"Accident case detected","severity":"HIGH","confidence":88,"_id":"6a0c38ecdef061780502bb01"},{"timestamp":"00:05","description":"Accident case detected","severity":"HIGH","confidence":94,"_id":"6a0c38ecdef061780502bb02"},{"timestamp":"00:06","description":"Accident case detected","severity":"HIGH","confidence":87,"_id":"6a0c38ecdef061780502bb03"},{"timestamp":"00:07","description":"Accident case detected","severity":"HIGH","confidence":88,"_id":"6a0c38ecdef061780502bb04"},{"timestamp":"00:08","description":"Accident case detected","severity":"HIGH","confidence":90,"_id":"6a0c38ecdef061780502bb05"},{"timestamp":"00:09","description":"Accident case detected","severity":"HIGH","confidence":86,"_id":"6a0c38ecdef061780502bb06"},{"timestamp":"00:10","description":"Accident case detected","severity":"HIGH","confidence":92,"_id":"6a0c38ecdef061780502bb07"}],"dateTime":"2026-05-19T10:18:2
2026-05-19T10:18:20.921Z - [REQUEST] GET /api/scans/me - Auth: Present
2026-05-19T10:18:20.946Z - [RESPONSE] GET /scans/me - Status: 200
Response Body: [{"_id":"6a0c38ecdef061780502bb00","userId":"6a0c37ec6b86060b105de9da","incidents":[{"timestamp":"00:04","description":"Accident case detected","severity":"HIGH","confidence":88,"_id":"6a0c38ecdef061780502bb01"},{"timestamp":"00:05","description":"Accident case detected","severity":"HIGH","confidence":94,"_id":"6a0c38ecdef061780502bb02"},{"timestamp":"00:06","description":"Accident case detected","severity":"HIGH","confidence":87,"_id":"6a0c38ecdef061780502bb03"},{"timestamp":"00:07","description":"Accident case detected","severity":"HIGH","confidence":88,"_id":"6a0c38ecdef061780502bb04"},{"timestamp":"00:08","description":"Accident case detected","severity":"HIGH","confidence":90,"_id":"6a0c38ecdef061780502bb05"},{"timestamp":"00:09","description":"Accident case detected","severity":"HIGH","confidence":86,"_id":"6a0c38ecdef061780502bb06"},{"timestamp":"00:10","description":"Accident case detected","severity":"HIGH","confidence":92,"_id":"6a0c38ecdef061780502bb07"}],"dateTime":"2026-05
2026-05-19T10:18:20.952Z - [REQUEST] GET /api/scans/me - Auth: Present
2026-05-19T10:18:20.967Z - [RESPONSE] GET /scans/me - Status: 200
Response Body: [{"_id":"6a0c38ecdef061780502bb00","userId":"6a0c37ec6b86060b105de9da","incidents":[{"timestamp":"00:04","description":"Accident case detected","severity":"HIGH","confidence":88,"_id":"6a0c38ecdef061780502bb01"},{"timestamp":"00:05","description":"Accident case detected","severity":"HIGH","confidence":94,"_id":"6a0c38ecdef061780502bb02"},{"timestamp":"00:06","description":"Accident case detected","severity":"HIGH","confidence":87,"_id":"6a0c38ecdef061780502bb03"},{"timestamp":"00:07","description":"Accident case detected","severity":"HIGH","confidence":88,"_id":"6a0c38ecdef061780502bb04"},{"timestamp":"00:08","description":"Accident case detected","severity":"HIGH","confidence":90,"_id":"6a0c38ecdef061780502bb05"},{"timestamp":"00:09","description":"Accident case detected","severity":"HIGH","confidence":86,"_id":"6a0c38ecdef061780502bb06"},{"timestamp":"00:10","description":"Accident case detected","severity":"HIGH","confidence":92,"_id":"6a0c38ecdef061780502bb07"}],"dateTime":"2026-05
2026-05-19T10:18:20.977Z - [REQUEST] GET /uploads/incident-1779185900033.png - Auth: None
2026-05-19T10:18:49.587Z - [REQUEST] POST /api/video/scan - Auth: Present
API Error: getaddrinfo ENOTFOUND detect.roboflow.com
API Error: getaddrinfo ENOTFOUND detect.roboflow.com
API Error: getaddrinfo ENOTFOUND detect.roboflow.com
API Error: getaddrinfo ENOTFOUND detect.roboflow.com
API Error: getaddrinfo ENOTFOUND detect.roboflow.com
API Error: getaddrinfo ENOTFOUND detect.roboflow.com
API Error: getaddrinfo ENOTFOUND detect.roboflow.com
API Error: getaddrinfo ENOTFOUND detect.roboflow.com
API Error: getaddrinfo ENOTFOUND detect.roboflow.com
API Error: getaddrinfo ENOTFOUND detect.roboflow.com
2026-05-19T10:18:52.332Z - [RESPONSE] POST /scan - Status: 200
Response Body: {"success":true,"scan":{"userId":"6a0c37ec6b86060b105de9da","incidents":[{"timestamp":"00:04","description":"Accident case detected","severity":"HIGH","confidence":92,"_id":"6a0c390cdef061780502bb2d"},{"timestamp":"00:05","description":"Accident case detected","severity":"HIGH","confidence":89,"_id":"6a0c390cdef061780502bb2e"},{"timestamp":"00:06","description":"Accident case detected","severity":"HIGH","confidence":91,"_id":"6a0c390cdef061780502bb2f"},{"timestamp":"00:07","description":"Accident case detected","severity":"HIGH","confidence":87,"_id":"6a0c390cdef061780502bb30"},{"timestamp":"00:08","description":"Accident case detected","severity":"HIGH","confidence":92,"_id":"6a0c390cdef061780502bb31"},{"timestamp":"00:09","description":"Accident case detected","severity":"HIGH","confidence":86,"_id":"6a0c390cdef061780502bb32"},{"timestamp":"00:10","description":"Accident case detected","severity":"HIGH","confidence":93,"_id":"6a0c390cdef061780502bb33"}],"dateTime":"2026-05-19T10:18:5
2026-05-19T10:18:53.177Z - [REQUEST] GET /api/scans/me - Auth: Present
2026-05-19T10:18:53.196Z - [RESPONSE] GET /scans/me - Status: 200
Response Body: [{"_id":"6a0c390cdef061780502bb2c","userId":"6a0c37ec6b86060b105de9da","incidents":[{"timestamp":"00:04","description":"Accident case detected","severity":"HIGH","confidence":92,"_id":"6a0c390cdef061780502bb2d"},{"timestamp":"00:05","description":"Accident case detected","severity":"HIGH","confidence":89,"_id":"6a0c390cdef061780502bb2e"},{"timestamp":"00:06","description":"Accident case detected","severity":"HIGH","confidence":91,"_id":"6a0c390cdef061780502bb2f"},{"timestamp":"00:07","description":"Accident case detected","severity":"HIGH","confidence":87,"_id":"6a0c390cdef061780502bb30"},{"timestamp":"00:08","description":"Accident case detected","severity":"HIGH","confidence":92,"_id":"6a0c390cdef061780502bb31"},{"timestamp":"00:09","description":"Accident case detected","severity":"HIGH","confidence":86,"_id":"6a0c390cdef061780502bb32"},{"timestamp":"00:10","description":"Accident case detected","severity":"HIGH","confidence":93,"_id":"6a0c390cdef061780502bb33"}],"dateTime":"2026-05
2026-05-19T10:18:53.202Z - [REQUEST] GET /api/scans/me - Auth: Present
2026-05-19T10:18:53.220Z - [RESPONSE] GET /scans/me - Status: 200
Response Body: [{"_id":"6a0c390cdef061780502bb2c","userId":"6a0c37ec6b86060b105de9da","incidents":[{"timestamp":"00:04","description":"Accident case detected","severity":"HIGH","confidence":92,"_id":"6a0c390cdef061780502bb2d"},{"timestamp":"00:05","description":"Accident case detected","severity":"HIGH","confidence":89,"_id":"6a0c390cdef061780502bb2e"},{"timestamp":"00:06","description":"Accident case detected","severity":"HIGH","confidence":91,"_id":"6a0c390cdef061780502bb2f"},{"timestamp":"00:07","description":"Accident case detected","severity":"HIGH","confidence":87,"_id":"6a0c390cdef061780502bb30"},{"timestamp":"00:08","description":"Accident case detected","severity":"HIGH","confidence":92,"_id":"6a0c390cdef061780502bb31"},{"timestamp":"00:09","description":"Accident case detected","severity":"HIGH","confidence":86,"_id":"6a0c390cdef061780502bb32"},{"timestamp":"00:10","description":"Accident case detected","severity":"HIGH","confidence":93,"_id":"6a0c390cdef061780502bb33"}],"dateTime":"2026-05
2026-05-19T10:18:53.227Z - [REQUEST] GET /uploads/incident-1779185932287.png - Auth: None
2026-05-19T10:19:35.128Z - [REQUEST] POST /api/video/scan - Auth: Present
API Error: getaddrinfo ENOTFOUND detect.roboflow.com
API Error: getaddrinfo ENOTFOUND detect.roboflow.com
API Error: getaddrinfo ENOTFOUND detect.roboflow.com
API Error: getaddrinfo ENOTFOUND detect.roboflow.com
API Error: getaddrinfo ENOTFOUND detect.roboflow.com
API Error: getaddrinfo ENOTFOUND detect.roboflow.com
API Error: getaddrinfo ENOTFOUND detect.roboflow.com
API Error: getaddrinfo ENOTFOUND detect.roboflow.com
API Error: getaddrinfo ENOTFOUND detect.roboflow.com
API Error: getaddrinfo ENOTFOUND detect.roboflow.com
2026-05-19T10:19:37.356Z - [RESPONSE] POST /scan - Status: 200
Response Body: {"success":true,"scan":{"userId":"6a0c37ec6b86060b105de9da","incidents":[{"timestamp":"00:04","description":"Accident case detected","severity":"HIGH","confidence":88,"_id":"6a0c3939def061780502bb67"},{"timestamp":"00:05","description":"Accident case detected","severity":"HIGH","confidence":90,"_id":"6a0c3939def061780502bb68"},{"timestamp":"00:06","description":"Accident case detected","severity":"HIGH","confidence":92,"_id":"6a0c3939def061780502bb69"},{"timestamp":"00:07","description":"Accident case detected","severity":"HIGH","confidence":93,"_id":"6a0c3939def061780502bb6a"},{"timestamp":"00:08","description":"Accident case detected","severity":"HIGH","confidence":90,"_id":"6a0c3939def061780502bb6b"},{"timestamp":"00:09","description":"Accident case detected","severity":"HIGH","confidence":94,"_id":"6a0c3939def061780502bb6c"},{"timestamp":"00:10","description":"Accident case detected","severity":"HIGH","confidence":86,"_id":"6a0c3939def061780502bb6d"}],"dateTime":"2026-05-19T10:19:3
2026-05-19T10:19:38.210Z - [REQUEST] GET /api/scans/me - Auth: Present
2026-05-19T10:19:38.293Z - [RESPONSE] GET /scans/me - Status: 200
Response Body: [{"_id":"6a0c3939def061780502bb66","userId":"6a0c37ec6b86060b105de9da","incidents":[{"timestamp":"00:04","description":"Accident case detected","severity":"HIGH","confidence":88,"_id":"6a0c3939def061780502bb67"},{"timestamp":"00:05","description":"Accident case detected","severity":"HIGH","confidence":90,"_id":"6a0c3939def061780502bb68"},{"timestamp":"00:06","description":"Accident case detected","severity":"HIGH","confidence":92,"_id":"6a0c3939def061780502bb69"},{"timestamp":"00:07","description":"Accident case detected","severity":"HIGH","confidence":93,"_id":"6a0c3939def061780502bb6a"},{"timestamp":"00:08","description":"Accident case detected","severity":"HIGH","confidence":90,"_id":"6a0c3939def061780502bb6b"},{"timestamp":"00:09","description":"Accident case detected","severity":"HIGH","confidence":94,"_id":"6a0c3939def061780502bb6c"},{"timestamp":"00:10","description":"Accident case detected","severity":"HIGH","confidence":86,"_id":"6a0c3939def061780502bb6d"}],"dateTime":"2026-05
2026-05-19T10:19:38.303Z - [REQUEST] GET /api/scans/me - Auth: Present
2026-05-19T10:19:38.333Z - [RESPONSE] GET /scans/me - Status: 200
Response Body: [{"_id":"6a0c3939def061780502bb66","userId":"6a0c37ec6b86060b105de9da","incidents":[{"timestamp":"00:04","description":"Accident case detected","severity":"HIGH","confidence":88,"_id":"6a0c3939def061780502bb67"},{"timestamp":"00:05","description":"Accident case detected","severity":"HIGH","confidence":90,"_id":"6a0c3939def061780502bb68"},{"timestamp":"00:06","description":"Accident case detected","severity":"HIGH","confidence":92,"_id":"6a0c3939def061780502bb69"},{"timestamp":"00:07","description":"Accident case detected","severity":"HIGH","confidence":93,"_id":"6a0c3939def061780502bb6a"},{"timestamp":"00:08","description":"Accident case detected","severity":"HIGH","confidence":90,"_id":"6a0c3939def061780502bb6b"},{"timestamp":"00:09","description":"Accident case detected","severity":"HIGH","confidence":94,"_id":"6a0c3939def061780502bb6c"},{"timestamp":"00:10","description":"Accident case detected","severity":"HIGH","confidence":86,"_id":"6a0c3939def061780502bb6d"}],"dateTime":"2026-05
2026-05-19T10:19:38.342Z - [REQUEST] GET /uploads/incident-1779185977179.png - Auth: None
2026-05-19T10:22:21.477Z - [REQUEST] GET /api/user/profile - Auth: Present
2026-05-19T10:22:21.688Z - [RESPONSE] GET /user/profile - Status: 200
Response Body: {"_id":"6a0c37ec6b86060b105de9da","name":"Test User","email":"test@example.com","scansLeft":6,"subscription":"basic","currentPlan":"basic"}
2026-05-19T10:22:22.194Z - [REQUEST] GET /api/user/profile - Auth: Present
2026-05-19T10:22:22.206Z - [RESPONSE] GET /user/profile - Status: 200
Response Body: {"_id":"69dde717d175c720e8c726e9","name":"ram","email":"ram@gmail.com","scansLeft":0,"subscription":"basic","currentPlan":"basic"}
2026-05-19T10:22:22.211Z - [REQUEST] GET /api/user/profile - Auth: Present
2026-05-19T10:22:22.221Z - [RESPONSE] GET /user/profile - Status: 200
Response Body: {"_id":"69dde717d175c720e8c726e9","name":"ram","email":"ram@gmail.com","scansLeft":0,"subscription":"basic","currentPlan":"basic"}
